Administrator@7ZY3H8P4N72OH8H MINGW32 /f
$ cd woody/

Administrator@7ZY3H8P4N72OH8H MINGW32 /f/woody
$ git clone git@github.com:woodypeckers/lijiale-zuoye.git
Cloning into 'lijiale-zuoye'...
The authenticity of host 'github.com (192.30.255.113)' can't be established.
RSA key fingerprint is SHA256:nThbg6kXUpJWGl7E1IGOCspRomTxdCARLviKw6E5SY8.
Are you sure you want to continue connecting (yes/no)? yes
Warning: Permanently added 'github.com,192.30.255.113' (RSA) to the list of know                                                      n hosts.
remote: Counting objects: 9, done.
remote: Compressing objects: 100% (3/3), done.
remote: Total 9 (delta 0), reused 9 (delta 0), pack-reused 0
Receiving objects: 100% (9/9), done.

Administrator@7ZY3H8P4N72OH8H MINGW32 /f/woody
$ git status
fatal: Not a git repository (or any of the parent directories): .git

Administrator@7ZY3H8P4N72OH8H MINGW32 /f/woody
$ cd lijiale-zuoye/

Administrator@7ZY3H8P4N72OH8H MINGW32 /f/woody/lijiale-zuoye (master)
$ s
bash: s: command not found

Administrator@7ZY3H8P4N72OH8H MINGW32 /f/woody/lijiale-zuoye (master)
$ ols
bash: ols: command not found

Administrator@7ZY3H8P4N72OH8H MINGW32 /f/woody/lijiale-zuoye (master)
$ ls\
> ^C

Administrator@7ZY3H8P4N72OH8H MINGW32 /f/woody/lijiale-zuoye (master)
$ ls
README.md

Administrator@7ZY3H8P4N72OH8H MINGW32 /f/woody/lijiale-zuoye (master)
$ git status
On branch master
Your branch is up-to-date with 'origin/master'.
Changes not staged for commit:
  (use "git add <file>..." to update what will be committed)
  (use "git checkout -- <file>..." to discard changes in working directory)

        modified:   README.md

no changes added to commit (use "git add" and/or "git commit -a")

Administrator@7ZY3H8P4N72OH8H MINGW32 /f/woody/lijiale-zuoye (master)
$ git add .

Administrator@7ZY3H8P4N72OH8H MINGW32 /f/woody/lijiale-zuoye (master)
$ git commit -m "samren test"
\
*** Please tell me who you are.

Run

  git config --global user.email "you@example.com"
  git config --global user.name "Your Name"

to set your account's default identity.
Omit --global to set the identity only in this repository.

fatal: unable to auto-detect email address (got 'Administrator@7ZY3H8P4N72OH8H.(none)')

Administrator@7ZY3H8P4N72OH8H MINGW32 /f/woody/lijiale-zuoye (master)
$ git config --global user.email "1052551319@qq.com"

Administrator@7ZY3H8P4N72OH8H MINGW32 /f/woody/lijiale-zuoye (master)
$ git config --global user.name "lijiale0625"

Administrator@7ZY3H8P4N72OH8H MINGW32 /f/woody/lijiale-zuoye (master)
$ git commit -m "samren test"
[master 08648d6] samren test
 1 file changed, 3 insertions(+), 1 deletion(-)

Administrator@7ZY3H8P4N72OH8H MINGW32 /f/woody/lijiale-zuoye (master)
$ git push -u origin master
Counting objects: 3, done.
Delta compression using up to 4 threads.
Compressing objects: 100% (2/2), done.
Writing objects: 100% (3/3), 273 bytes | 0 bytes/s, done.
Total 3 (delta 0), reused 0 (delta 0)
To github.com:woodypeckers/lijiale-zuoye.git
   4c62688..08648d6  master -> master
Branch master set up to track remote branch master from origin.

Administrator@7ZY3H8P4N72OH8H MINGW32 /f/woody/lijiale-zuoye (master)
